Constr(
    0,
    [
        Bytes(
            [
                1,
                1,
                1,
                1,
                1,
                1,
                1,
                1,
                1,
                1,
                1,
                1,
                1,
                1,
                1,
                1,
                1,
                1,
                1,
                1,
                1,
                1,
                1,
                1,
                1,
                1,
                1,
                1,
            ],
        ),
        Bytes(
            [
                83,
                111,
                109,
                101,
                116,
                104,
                105,
                110,
                103,
            ],
        ),
    ],
)