Map(
    [
        (
            Integer(
                1,
            ),
            Integer(
                123,
            ),
        ),
        (
            Integer(
                0,
            ),
            Integer(
                321,
            ),
        ),
        (
            Integer(
                2,
            ),
            Integer(
                456,
            ),
        ),
    ],
)